Successfully generated output.html
Successfully generated output.js
