<div id="mydiv" style="width: 100px; " />
<p class="mypara" style="display: block; font-size: 16px; " />
<span style="display: block; font-size: 16px; width: 100px; " />
