<div id="box" style="height: 200px; opacity: 0.8; width: 100px; " />
<div id="test-box" style="background-color: yellow; border: 1px solid green; color: red; height: 200px; width: 150px; " />
