<html>
  <body>
    <p style="color: blue; font-family: Arial; line-height: 1.6; ">
      This text uses a custom template with placeholders.
    </p>
    <p style="color: orange; font-size: 16px; font-style: italic; ">
      This is a warning text.
    </p>
    <p style="color: orange; font-size: 16px; ">
      This is a warning text with one style deleted.
    </p>
  </body>
</html>
