<html>
  <head>
    <title>
      Listen Test
    </title>
  </head>
  <body>
    <button id="my-btn">
      Click Me
    </button>
  </body>
</html>
