<html>
  <head>
    <title>
      Script Block Test
    </title>
  </head>
  <body>
    <div id="my-div">
      Hello, World!
    </div>
  </body>
</html>
