<div class="box" style="width: 100px; " />
<p style="width: 150px; " />
