Successfully compiled tests/style_expressions_test.chtl to output.html
