<div style="border-width: 8px; bottom: -5px; color: red; content: hello; font-size: 2.4em; height: 30%; left: 20px; line-height: 2px; margin: 25px; padding: 1px; top: 15px; width: 30px; " />
